MO one_bit_compare_noless_MUSER_Project_one NULL Project_one.vf vlg0F/one__bit__compare__noless___m_u_s_e_r___project__one.bin 1491533571
MO M2_1_HXILINX_Project_one NULL Project_one.vf vlg51/_m2__1___h_x_i_l_i_n_x___project__one.bin 1491533571
MO Fa_MUSER_F_project NULL F_project.vf vlg35/_fa___m_u_s_e_r___f__project.bin 1491536033
MO M2_1_HXILINX_Pro1 NULL Pro1.vf vlg43/_m2__1___h_x_i_l_i_n_x___pro1.bin 1491537070
MO Fa_MUSER_Proj1 NULL Proj1.vf vlg15/_fa___m_u_s_e_r___proj1.bin 1491535904
MO M2_1_HXILINX_Projectone NULL Projectone.vf vlg7E/_m2__1___h_x_i_l_i_n_x___projectone.bin 1491532979
MO one_bit_compare_noless_MUSER_fourbit_compare_new NULL fourbit_compare_new.vf vlg51/one__bit__compare__noless___m_u_s_e_r__fourbit__compare__new.bin 1491537070
MO Project_1 NULL Project_1.vf vlg7F/_project__1.bin 1491534684
MO Fa_MUSER_Project_one NULL Project_one.vf vlg09/_fa___m_u_s_e_r___project__one.bin 1491533571
MO fourbit_compare_new_MUSER_Pro1 NULL Pro1.vf vlg52/fourbit__compare__new___m_u_s_e_r___pro1.bin 1491537070
MO M2_1_HXILINX_Project1 NULL Project1.vf vlg2D/_m2__1___h_x_i_l_i_n_x___project1.bin 1491504000
MO Fa_MUSER_Pro1 NULL Pro1.vf vlg5B/_fa___m_u_s_e_r___pro1.bin 1491537070
MO Proj1 NULL Proj1.vf vlg14/_proj1.bin 1491535904
MO fourbit_compare_new_MUSER_Project_one NULL Project_one.vf vlg74/fourbit__compare__new___m_u_s_e_r___project__one.bin 1491533571
MO Fa NULL Fa.vf vlg3F/_fa.bin 1491537070
MO Fa_MUSER_Projectone NULL Projectone.vf vlg56/_fa___m_u_s_e_r___projectone.bin 1491532979
MO one_bit_compare_noless_MUSER_Project1 NULL Project1.vf vlg43/one__bit__compare__noless___m_u_s_e_r___project1.bin 1491504000
MO F_project NULL F_project.vf vlg44/_f__project.bin 1491536033
MO one_bit_compare_noless NULL one_bit_compare_noless.vf vlg35/one__bit__compare__noless.bin 1491537070
MO one_bit_compare_noless_MUSER_Proj1 NULL Proj1.vf vlg6B/one__bit__compare__noless___m_u_s_e_r___proj1.bin 1491535904
MO Fa_MUSER_Project1 NULL Project1.vf vlg45/_fa___m_u_s_e_r___project1.bin 1491504000
MO Project_one NULL Project_one.vf vlg00/_project__one.bin 1491533571
MO fourbit_compare_new NULL fourbit_compare_new.vf vlg22/fourbit__compare__new.bin 1491537070
MO M2_1_HXILINX_Project_1 NULL Project_1.vf vlg78/_m2__1___h_x_i_l_i_n_x___project__1.bin 1491534684
MO one_bit_compare_noless_MUSER_Project_1 NULL Project_1.vf vlg66/one__bit__compare__noless___m_u_s_e_r___project__1.bin 1491534684
MO fourbit_compare_new_MUSER_Project_1 NULL Project_1.vf vlg13/fourbit__compare__new___m_u_s_e_r___project__1.bin 1491534684
MO one_bit_compare_noless_MUSER_Projectone NULL Projectone.vf vlg24/one__bit__compare__noless___m_u_s_e_r___projectone.bin 1491532979
MO fourbit_compare_new_MUSER_Proj1 NULL Proj1.vf vlg68/fourbit__compare__new___m_u_s_e_r___proj1.bin 1491535904
MO Pro1 NULL Pro1.vf vlg0E/_pro1.bin 1491537070
MO Project1 NULL Project1.vf vlg48/_project1.bin 1491504000
MO M2_1_HXILINX_fourbit_compare_new NULL fourbit_compare_new.vf vlg53/_m2__1___h_x_i_l_i_n_x__fourbit__compare__new.bin 1491537070
MO fourbit_compare_new_MUSER_Project1 NULL Project1.vf vlg4C/fourbit__compare__new___m_u_s_e_r___project1.bin 1491504000
MO Projectone NULL Projectone.vf vlg21/_projectone.bin 1491532979
MO M2_1_HXILINX_F_project NULL F_project.vf vlg3D/_m2__1___h_x_i_l_i_n_x___f__project.bin 1491536033
MO Fa_MUSER_Project_1 NULL Project_1.vf vlg70/_fa___m_u_s_e_r___project__1.bin 1491534684
MO one_bit_compare_noless_MUSER_F_project NULL F_project.vf vlg2B/one__bit__compare__noless___m_u_s_e_r___f__project.bin 1491536033
MO fourbit_compare_new_MUSER_F_project NULL F_project.vf vlg58/fourbit__compare__new___m_u_s_e_r___f__project.bin 1491536033
MO fourbit_compare_new_MUSER_Projectone NULL Projectone.vf vlg05/fourbit__compare__new___m_u_s_e_r___projectone.bin 1491532979
MO M2_1_HXILINX_Proj1 NULL Proj1.vf vlg1D/_m2__1___h_x_i_l_i_n_x___proj1.bin 1491535904
MO one_bit_compare_noless_MUSER_Pro1 NULL Pro1.vf vlg39/one__bit__compare__noless___m_u_s_e_r___pro1.bin 1491537070
